// Jest Snapshot v1, https://goo.gl/fbAQLP

exports[`Launch Authenticator page transformer Tests should create Launch Authenticator button, title, and description elements for display 1`] = `
{
  "data": {},
  "dataSchema": {
    "fieldsToExclude": [Function],
    "fieldsToTrim": [],
    "fieldsToValidate": [],
    "submit": {
      "step": "challenge-authenticator",
    },
  },
  "schema": {},
  "uischema": {
    "elements": [
      {
        "options": {
          "content": "primaryauth.title",
        },
        "type": "Title",
      },
      {
        "contentType": "subtitle",
        "options": {
          "content": "oktaVerify.description",
        },
        "type": "Description",
      },
      {
        "label": "oktaVerify.button",
        "options": {
          "challengeMethod": undefined,
          "deviceChallengeUrl": undefined,
          "step": "launch-authenticator",
        },
        "type": "LaunchAuthenticatorButton",
      },
    ],
    "type": "VerticalLayout",
  },
}
`;
