// Jest Snapshot v1, https://goo.gl/fbAQLP

exports[`transformUnlockAccount Tests should build unlock account view elements 1`] = `
{
  "data": {},
  "dataSchema": {
    "fieldsToExclude": [Function],
    "fieldsToTrim": [],
    "fieldsToValidate": [],
    "submit": {
      "step": "challenge-authenticator",
    },
  },
  "schema": {},
  "uischema": {
    "elements": [
      {
        "options": {
          "content": "account.unlock.title",
        },
        "type": "Title",
      },
      {
        "options": {
          "inputMeta": {
            "name": "identifier",
          },
        },
        "type": "Field",
      },
    ],
    "type": "VerticalLayout",
  },
}
`;
