// Jest Snapshot v1, https://goo.gl/fbAQLP

exports[`IDP Redirect transformer Tests IDP Redirect page tests should add correct title and IDP buttons 1`] = `
{
  "data": {},
  "dataSchema": {
    "fieldsToExclude": [Function],
    "fieldsToTrim": [],
    "fieldsToValidate": [],
    "submit": {
      "step": "challenge-authenticator",
    },
  },
  "schema": {},
  "uischema": {
    "elements": [
      {
        "options": {
          "content": "primaryauth.title",
        },
        "type": "Title",
      },
      {
        "label": "socialauth.google.label",
        "noTranslate": false,
        "options": {
          "Icon": "MockSVGIcon",
          "dataSe": "piv-card-button social-auth-google-button",
          "iconAlt": "",
          "onClick": [Function],
          "showLoading": false,
          "step": "piv-idp",
          "type": "button",
          "variant": "secondary",
        },
        "type": "Button",
      },
      {
        "label": "socialauth.facebook.label",
        "noTranslate": false,
        "options": {
          "Icon": "MockSVGIcon",
          "dataSe": "piv-card-button social-auth-facebook-button",
          "iconAlt": "",
          "onClick": [Function],
          "showLoading": false,
          "step": "piv-idp",
          "type": "button",
          "variant": "secondary",
        },
        "type": "Button",
      },
    ],
    "type": "VerticalLayout",
  },
}
`;
