// Jest Snapshot v1, https://goo.gl/fbAQLP

exports[`authenticator-verification-google-authenticator should render form 1`] = `
<div>
  <div
    class="MuiScopedCssBaseline-root emotion-0"
  >
    <main
      class="MuiBox-root emotion-1"
      data-commit="b9bbc0140703c3fbf0e2e58920362e70"
      data-se="auth-container main-container"
      data-version="0.0.0"
      dir="ltr"
      id="okta-sign-in"
      lang="en"
    >
      <div
        class="MuiScopedCssBaseline-root emotion-2"
      >
        <div
          class="MuiBox-root emotion-3"
        >
          <div
            class="MuiBox-root emotion-4"
          >
            <div
              class="MuiBox-root emotion-5"
              data-se="okta-sign-in-header auth-header authCoinSpacing"
            >
              <h1
                class="MuiTypography-root MuiTypography-h1 emotion-6"
                role="presentation"
                tabindex="-1"
              />
              <div
                aria-hidden="true"
                class="MuiBox-root emotion-7"
                data-se="factor-beacon mfa-google-auth "
              >
                <svg
                  aria-labelledby="mfa-google-auth"
                  fill="none"
                  height="2.85714286rem"
                  role="img"
                  viewBox="0 0 48 48"
                  width="2.85714286rem"
                  xmlns="http://www.w3.org/2000/svg"
                >
                  <title
                    id="mfa-google-auth"
                  >
                    Google Authenticator
                  </title>
                  <path
                    clip-rule="evenodd"
                    d="M39.5 26.9545C41.1569 26.9545 42.5 25.6113 42.5 23.9545C42.5 22.2976 41.1569 20.9545 39.5 20.9545H28.6963L34.0982 11.5981C34.9266 10.1632 34.435 8.32845 33.0001 7.50002C31.5652 6.67159 29.7304 7.16322 28.902 8.5981L18.304 26.9545H39.5Z"
                    fill="#1A73E7"
                    fill-rule="evenodd"
                  />
                  <path
                    clip-rule="evenodd"
                    d="M18.0981 8.5981C17.2697 7.16322 15.4349 6.67159 14 7.50002C12.5651 8.32845 12.0735 10.1632 12.9019 11.5981L18.3039 20.9545H21.7681L23.5001 17.9546L18.0981 8.5981Z"
                    fill="#FABB04"
                    fill-rule="evenodd"
                  />
                  <path
                    clip-rule="evenodd"
                    d="M21.768 20.9545H7.5C5.84315 20.9545 4.5 22.2976 4.5 23.9545C4.5 25.6114 5.84315 26.9545 7.5 26.9545H18.3039L21.768 20.9545Z"
                    fill="#34A753"
                    fill-rule="evenodd"
                  />
                  <path
                    clip-rule="evenodd"
                    d="M18.304 26.9545L12.9021 36.3109C12.0736 37.7458 12.5653 39.5806 14.0001 40.409C15.435 41.2374 17.2698 40.7458 18.0982 39.3109L23.5001 29.9546L28.902 39.3109C29.7304 40.7458 31.5652 41.2374 33 40.409C34.4349 39.5805 34.9265 37.7458 34.0981 36.3109L28.6962 26.9545H18.304Z"
                    fill="#E94335"
                    fill-rule="evenodd"
                  />
                  <path
                    clip-rule="evenodd"
                    d="M23.5001 17.9546L28.6962 26.9545H18.304L23.5001 17.9546Z"
                    fill="#174EA5"
                    fill-rule="evenodd"
                  />
                </svg>
              </div>
            </div>
            <div
              class="MuiBox-root emotion-8"
            >
              <form
                aria-live="polite"
                class="o-form MuiBox-root emotion-9"
                data-se="o-form"
                novalidate=""
              >
                <div
                  class="MuiBox-root emotion-10"
                >
                  <div
                    class="MuiBox-root emotion-11"
                  >
                    <div
                      class="MuiBox-root emotion-12"
                      data-se="identifier-container"
                      title="tester@okta1.com"
                    >
                      <div
                        class="MuiChip-root MuiChip-filled MuiChip-sizeMedium MuiChip-colorDefault MuiChip-filledDefault emotion-13"
                        data-se="identifier"
                        translate="no"
                      >
                        <div
                          class="MuiChip-icon MuiChip-iconMedium MuiChip-iconColorDefault MuiBox-root emotion-14"
                        >
                          <svg
                            aria-label="User"
                            class="MuiSvgIcon-root MuiSvgIcon-fontSizeInherit emotion-15"
                            fill="none"
                            focusable="false"
                            role="img"
                            viewBox="0 0 24 24"
                            xmlns="http://www.w3.org/2000/svg"
                          >
                            <path
                              clip-rule="evenodd"
                              d="M15.5 6.5a3.5 3.5 0 1 1-7 0 3.5 3.5 0 0 1 7 0Zm2 0a5.5 5.5 0 1 1-11 0 5.5 5.5 0 0 1 11 0ZM5 23c0-2.357.694-4.363 1.886-5.762C8.064 15.856 9.782 15 12 15c2.215 0 3.934.862 5.113 2.25C18.307 18.652 19 20.66 19 23h2c0-2.722-.807-5.216-2.363-7.046C17.067 14.107 14.785 13 12 13c-2.782 0-5.064 1.097-6.636 2.941C3.806 17.77 3 20.263 3 23h2Z"
                              fill="currentColor"
                              fill-rule="evenodd"
                            />
                            <title>
                              User
                            </title>
                          </svg>
                        </div>
                        <span
                          class="MuiChip-label MuiChip-labelMedium emotion-16"
                        >
                          tester@okta1.com
                        </span>
                      </div>
                    </div>
                  </div>
                  <div
                    class="MuiBox-root emotion-11"
                  >
                    <div
                      class="MuiBox-root emotion-18"
                    >
                      <h2
                        class="MuiTypography-root MuiTypography-h4 emotion-19"
                        data-se="o-form-head"
                        tabindex="-1"
                      >
                        Verify with Google Authenticator
                      </h2>
                    </div>
                  </div>
                  <div
                    class="MuiBox-root emotion-11"
                  >
                    <div
                      class="MuiBox-root emotion-18"
                    >
                      <p
                        class="MuiTypography-root MuiTypography-body1 emotion-22"
                        data-se="o-form-explain"
                        tabindex="-1"
                      >
                        Enter the temporary code generated in your Google Authenticator app
                      </p>
                    </div>
                  </div>
                  <div
                    class="MuiBox-root emotion-11"
                  >
                    <div
                      class="MuiFormControl-root MuiFormControl-marginNormal MuiFormControl-fullWidth emotion-24"
                    >
                      <label
                        class="MuiFormLabel-root MuiInputLabel-root MuiInputLabel-formControl MuiInputLabel-sizeMedium MuiInputLabel-outlined MuiFormLabel-colorPrimary MuiInputLabel-root MuiInputLabel-formControl MuiInputLabel-sizeMedium MuiInputLabel-outlined emotion-25"
                        data-shrink="false"
                        for="credentials.passcode"
                        id="credentials.passcode-label"
                      >
                        <span>
                          Enter code
                        </span>
                      </label>
                      <div
                        class="MuiInputBase-root MuiInputBase-colorPrimary MuiInputBase-formControl emotion-26"
                        required="true"
                      >
                        <input
                          aria-invalid="false"
                          aria-labelledby="credentials.passcode-label"
                          autocomplete="off"
                          class="MuiInputBase-input emotion-27"
                          data-se="credentials.passcode"
                          id="credentials.passcode"
                          inputmode="numeric"
                          name="credentials.passcode"
                          required=""
                          type="text"
                        />
                      </div>
                    </div>
                  </div>
                  <div
                    class="MuiBox-root emotion-11"
                  >
                    <button
                      class="MuiButtonBase-root MuiButton-root MuiButton-primary MuiButton-primaryPrimary MuiButton-sizeMedium MuiButton-primarySizeMedium MuiButton-disableElevation MuiButton-fullWidth MuiButton-root MuiButton-primary MuiButton-primaryPrimary MuiButton-sizeMedium MuiButton-primarySizeMedium MuiButton-disableElevation MuiButton-fullWidth emotion-29"
                      data-se="save"
                      tabindex="0"
                      type="submit"
                    >
                      Verify
                    </button>
                  </div>
                  <div
                    class="MuiBox-root emotion-11"
                  >
                    <button
                      class="MuiTypography-root MuiTypography-inherit MuiLink-root MuiLink-underlineAlways MuiLink-button emotion-31"
                      data-se="switchAuthenticator"
                      role="link"
                      type="button"
                    >
                      Verify with something else
                    </button>
                  </div>
                  <div
                    class="MuiBox-root emotion-11"
                  >
                    <button
                      class="MuiTypography-root MuiTypography-inherit MuiLink-root MuiLink-underlineAlways MuiLink-button emotion-31"
                      data-se="cancel"
                      role="link"
                      type="button"
                    >
                      Back to sign in
                    </button>
                  </div>
                </div>
              </form>
            </div>
          </div>
        </div>
      </div>
    </main>
  </div>
</div>
`;
