// Jest Snapshot v1, https://goo.gl/fbAQLP

exports[`authenticator-verification-okta-verify-push-code should render form 1`] = `
<div>
  <div
    class="MuiScopedCssBaseline-root emotion-0"
  >
    <span>
      <main
        class="auth-container main-container mainViewContainer MuiBox-root emotion-1"
        data-commit="b9bbc0140703c3fbf0e2e58920362e70"
        data-version="0.0.0"
        id="okta-sign-in"
      >
        <div
          class="siwContainer MuiBox-root emotion-2"
        >
          <div
            class="okta-sign-in-header auth-header siwHeader authCoinSpacing"
          >
            <h1
              class="MuiTypography-root MuiTypography-h1 emotion-3"
            />
            <div
              class="iconContainer mfa-okta-verify authCoinOverlay MuiBox-root emotion-4"
            >
              <svg
                aria-labelledby="authCoinOktaVerifyAuthenticator"
                fill="none"
                height="48"
                role="img"
                viewBox="0 0 48 48"
                width="48"
                xmlns="http://www.w3.org/2000/svg"
              >
                <title
                  id="authCoinOktaVerifyAuthenticator"
                >
                  Okta Verify
                </title>
                <circle
                  class="siwFillBg"
                  cx="24"
                  cy="24"
                  fill="#F5F5F6"
                  r="24"
                />
                <path
                  class="siwFillPrimary"
                  clip-rule="evenodd"
                  d="M32.872 22.853a8.947 8.947 0 1 1-2.288-4.91L24 24.498l-3.205-3.19c-.482-.48-1.322-.48-1.804 0a1.26 1.26 0 0 0-.374.898c0 .34.133.659.374.898l4.107 4.09c.24.239.561.371.902.371.336 0 .664-.136.902-.372L38.636 13.52a18.089 18.089 0 0 0-1.634-1.967A17.947 17.947 0 0 0 24 6C14.059 6 6 14.059 6 24s8.059 18 18 18 18-8.059 18-18c0-2.972-.722-5.775-1.998-8.245l-7.13 7.098Z"
                  fill="#00297A"
                  fill-rule="evenodd"
                />
              </svg>
            </div>
          </div>
          <div
            class="MuiBox-root emotion-5"
          >
            <div
              class="identifier-container MuiBox-root emotion-6"
            >
              <div
                class="identifierContainer MuiBox-root emotion-7"
              >
                <span
                  class="userIconContainer MuiBox-root emotion-4"
                >
                  <svg
                    class="ods-2icygl"
                    fill="none"
                    role="presentation"
                    viewBox="0 0 16 16"
                    xmlns="http://www.w3.org/2000/svg"
                  >
                    <path
                      clip-rule="evenodd"
                      d="M10 3V5C10 6.10457 9.10457 7 8 7C6.89543 7 6 6.10457 6 5V3C6 1.89543 6.89543 1 8 1C9.10457 1 10 1.89543 10 3ZM5 3C5 1.34315 6.34315 0 8 0C9.65685 0 11 1.34315 11 3V5C11 6.65685 9.65685 8 8 8C6.34315 8 5 6.65685 5 5V3ZM4.1305 10.0742C4.26803 10.0181 4.459 10 5.41376 10H10.5862C11.541 10 11.732 10.0181 11.8695 10.0742C12.0299 10.1398 12.1706 10.2459 12.2777 10.3821C12.3695 10.4989 12.4393 10.6776 12.7016 11.5956L13.6743 15H2.32573L3.29841 11.5956C3.5607 10.6776 3.63054 10.4989 3.72233 10.3821C3.82941 10.2459 3.97006 10.1398 4.1305 10.0742ZM13.6631 11.3209L14.7143 15L15 16H13.96H2.04002H1L1.28571 15L2.33689 11.3209C2.57458 10.489 2.69343 10.073 2.93606 9.76423C3.15022 9.49171 3.43152 9.27953 3.75239 9.14848C4.11592 9 4.54854 9 5.41376 9H10.5862C11.4515 9 11.8841 9 12.2476 9.14848C12.5685 9.27953 12.8498 9.49171 13.0639 9.76423C13.3066 10.073 13.4254 10.489 13.6631 11.3209Z"
                      fill="currentColor"
                      fill-rule="evenodd"
                    />
                  </svg>
                </span>
                <span
                  class="identifier identifierSpan MuiBox-root emotion-4"
                  data-se="identifier"
                >
                  glen.fannin@icloud.com
                </span>
              </div>
            </div>
            <form
              class="o-form"
              data-se="form"
              novalidate=""
              style="max-width: 100%; word-break: break-word;"
            >
              <fieldset>
                <div
                  class="MuiBox-root emotion-10"
                >
                  <div
                    class="MuiBox-root emotion-11"
                  />
                  <div
                    class="MuiBox-root emotion-11"
                  >
                    <div
                      class="MuiBox-root emotion-13"
                    >
                      <h2
                        class="MuiTypography-root MuiTypography-h3 emotion-14"
                        data-se="o-form-head"
                      >
                        Push notification sent
                      </h2>
                    </div>
                  </div>
                  <div
                    class="MuiBox-root emotion-11"
                  >
                    <label
                      class="MuiFormControlLabel-root MuiFormControlLabel-labelPlacementEnd emotion-16"
                    >
                      <span
                        class="MuiCheckbox-root MuiCheckbox-colorPrimary MuiButtonBase-root MuiCheckbox-root MuiCheckbox-colorPrimary PrivateSwitchBase-root emotion-17"
                      >
                        <input
                          class="PrivateSwitchBase-input emotion-18"
                          data-se="autoChallenge"
                          data-se-for-name="autoChallenge"
                          id="autoChallenge"
                          name="autoChallenge"
                          type="checkbox"
                        />
                        <svg
                          aria-hidden="true"
                          class="MuiSvgIcon-root MuiSvgIcon-fontSizeMedium emotion-19"
                          data-testid="CheckBoxOutlineBlankIcon"
                          focusable="false"
                          viewBox="0 0 24 24"
                        >
                          <path
                            d="M19 5v14H5V5h14m0-2H5c-1.1 0-2 .9-2 2v14c0 1.1.9 2 2 2h14c1.1 0 2-.9 2-2V5c0-1.1-.9-2-2-2z"
                          />
                        </svg>
                      </span>
                      <span
                        class="MuiTypography-root MuiTypography-body1 MuiFormControlLabel-label emotion-20"
                      >
                        Send push automatically
                      </span>
                    </label>
                  </div>
                  <div
                    class="MuiBox-root emotion-11"
                  >
                    <div
                      class="MuiBox-root emotion-13"
                    >
                      <p
                        class="MuiTypography-root MuiTypography-body1 MuiTypography-paragraph emotion-23"
                        data-se="o-form-explain"
                      >
                        On your mobile device, open the Okta Verify prompt, then tap 52 in Okta Verify to continue.
                      </p>
                    </div>
                  </div>
                  <div
                    class="MuiBox-root emotion-11"
                  >
                    <div
                      class="MuiBox-root emotion-25"
                      id="code"
                    >
                      <div
                        class="MuiBox-root emotion-26"
                      >
                        <mocksvgicon />
                      </div>
                      <div
                        class="MuiBox-root emotion-4"
                      >
                        <span
                          class="ods-4o5zYQ ods-nqMobL ods-5fvoER ods-6BF3N5 ods-7KlglL ods-6MIfC2 ods-14pjkk ods-5IIKpe ods-6iOjmZ"
                        >
                          52
                        </span>
                      </div>
                    </div>
                  </div>
                  <div
                    class="MuiBox-root emotion-11"
                  >
                    <div
                      class="MuiBox-root emotion-29"
                    >
                      <span
                        aria-label="Loading..."
                        aria-valuetext="Loading..."
                        class="MuiCircularProgress-root MuiCircularProgress-indeterminate MuiCircularProgress-colorPrimary emotion-30"
                        role="progressbar"
                        style="width: 1.14285714rem; height: 1.14285714rem;"
                      >
                        <svg
                          class="MuiCircularProgress-svg emotion-31"
                          viewBox="22 22 44 44"
                        >
                          <circle
                            class="MuiCircularProgress-circle MuiCircularProgress-circleIndeterminate emotion-32"
                            cx="44"
                            cy="44"
                            fill="none"
                            r="18"
                            stroke-width="8"
                          />
                        </svg>
                      </span>
                    </div>
                  </div>
                  <div
                    class="MuiBox-root emotion-11"
                  >
                    <a
                      class="MuiTypography-root MuiTypography-inherit MuiLink-root MuiLink-underlineAlways emotion-34"
                      data-se="switchAuthenticator"
                      href="javascript:void(0)"
                    >
                      Verify with something else
                    </a>
                  </div>
                </div>
              </fieldset>
            </form>
          </div>
        </div>
      </main>
    </span>
  </div>
</div>
`;
