// Jest Snapshot v1, https://goo.gl/fbAQLP

exports[`enroll-profile-update-optional-fields should render form with one required field 1`] = `
<div>
  <div
    class="MuiScopedCssBaseline-root emotion-0"
  >
    <main
      class="MuiBox-root emotion-1"
      data-commit="b9bbc0140703c3fbf0e2e58920362e70"
      data-se="auth-container main-container"
      data-version="0.0.0"
      dir="ltr"
      id="okta-sign-in"
      lang="en"
    >
      <div
        class="MuiScopedCssBaseline-root emotion-2"
      >
        <div
          class="MuiBox-root emotion-3"
        >
          <div
            class="MuiBox-root emotion-4"
          >
            <div
              class="MuiBox-root emotion-5"
              data-se="okta-sign-in-header auth-header "
            >
              <h1
                class="MuiTypography-root MuiTypography-h1 emotion-6"
                role="presentation"
                tabindex="-1"
              />
            </div>
            <div
              class="MuiBox-root emotion-7"
            >
              <form
                aria-live="polite"
                class="o-form MuiBox-root emotion-8"
                data-se="o-form"
                novalidate=""
              >
                <div
                  class="MuiBox-root emotion-9"
                >
                  <div
                    class="MuiBox-root emotion-10"
                  >
                    <div
                      class="MuiBox-root emotion-11"
                      data-se="identifier-container"
                      title="testUser@okta.com"
                    >
                      <div
                        class="MuiChip-root MuiChip-filled MuiChip-sizeMedium MuiChip-colorDefault MuiChip-filledDefault emotion-12"
                        data-se="identifier"
                        translate="no"
                      >
                        <div
                          class="MuiChip-icon MuiChip-iconMedium MuiChip-iconColorDefault MuiBox-root emotion-13"
                        >
                          <svg
                            aria-label="User"
                            class="MuiSvgIcon-root MuiSvgIcon-fontSizeInherit emotion-14"
                            fill="none"
                            focusable="false"
                            role="img"
                            viewBox="0 0 24 24"
                            xmlns="http://www.w3.org/2000/svg"
                          >
                            <path
                              clip-rule="evenodd"
                              d="M15.5 6.5a3.5 3.5 0 1 1-7 0 3.5 3.5 0 0 1 7 0Zm2 0a5.5 5.5 0 1 1-11 0 5.5 5.5 0 0 1 11 0ZM5 23c0-2.357.694-4.363 1.886-5.762C8.064 15.856 9.782 15 12 15c2.215 0 3.934.862 5.113 2.25C18.307 18.652 19 20.66 19 23h2c0-2.722-.807-5.216-2.363-7.046C17.067 14.107 14.785 13 12 13c-2.782 0-5.064 1.097-6.636 2.941C3.806 17.77 3 20.263 3 23h2Z"
                              fill="currentColor"
                              fill-rule="evenodd"
                            />
                            <title>
                              User
                            </title>
                          </svg>
                        </div>
                        <span
                          class="MuiChip-label MuiChip-labelMedium emotion-15"
                        >
                          testUser@okta.com
                        </span>
                      </div>
                    </div>
                  </div>
                  <div
                    class="MuiBox-root emotion-10"
                  >
                    <div
                      class="MuiBox-root emotion-17"
                    >
                      <h1
                        class="MuiTypography-root MuiTypography-h4 emotion-18"
                        data-se="o-form-head"
                        tabindex="-1"
                      >
                        Additional Profile information
                      </h1>
                    </div>
                  </div>
                  <div
                    class="MuiBox-root emotion-10"
                  >
                    <div
                      class="MuiBox-root emotion-17"
                    >
                      <p
                        class="MuiTypography-root MuiTypography-body1 emotion-21"
                        data-se="o-form-explain"
                        tabindex="-1"
                      >
                        Fields are required unless marked optional.
                      </p>
                    </div>
                  </div>
                  <div
                    class="MuiBox-root emotion-10"
                  >
                    <div
                      class="MuiFormControl-root MuiFormControl-marginNormal MuiFormControl-fullWidth emotion-23"
                    >
                      <label
                        class="MuiFormLabel-root MuiInputLabel-root MuiInputLabel-formControl MuiInputLabel-sizeMedium MuiInputLabel-outlined MuiFormLabel-colorPrimary MuiInputLabel-root MuiInputLabel-formControl MuiInputLabel-sizeMedium MuiInputLabel-outlined emotion-24"
                        data-shrink="false"
                        for="userProfile.newAttribute"
                        id="userProfile.newAttribute-label"
                      >
                        <span>
                          Some custom attribute
                        </span>
                        <p
                          class="MuiTypography-root MuiTypography-subtitle1 emotion-25"
                          tabindex="-1"
                        >
                          Optional
                        </p>
                      </label>
                      <div
                        class="MuiInputBase-root MuiInputBase-colorPrimary MuiInputBase-formControl emotion-26"
                      >
                        <input
                          aria-invalid="false"
                          aria-labelledby="userProfile.newAttribute-label"
                          class="MuiInputBase-input emotion-27"
                          data-se="userProfile.newAttribute"
                          id="userProfile.newAttribute"
                          name="userProfile.newAttribute"
                          type="text"
                        />
                      </div>
                    </div>
                  </div>
                  <div
                    class="MuiBox-root emotion-10"
                  >
                    <div
                      class="MuiFormControl-root MuiFormControl-marginNormal MuiFormControl-fullWidth emotion-23"
                    >
                      <label
                        class="MuiFormLabel-root MuiInputLabel-root MuiInputLabel-formControl MuiInputLabel-sizeMedium MuiInputLabel-outlined MuiFormLabel-colorPrimary MuiInputLabel-root MuiInputLabel-formControl MuiInputLabel-sizeMedium MuiInputLabel-outlined emotion-24"
                        data-shrink="false"
                        for="userProfile.secondEmail"
                        id="userProfile.secondEmail-label"
                      >
                        <span>
                          Secondary email
                        </span>
                        <p
                          class="MuiTypography-root MuiTypography-subtitle1 emotion-25"
                          tabindex="-1"
                        >
                          Optional
                        </p>
                      </label>
                      <p
                        class="MuiFormHelperText-root MuiFormHelperText-sizeMedium emotion-32"
                        id="userProfile.secondEmail-hint"
                      >
                        Use a second email to 
                        <span
                          class="strong"
                        >
                           recover your account 
                        </span>
                         in case you become locked out. This email must be verified after setup.
                      </p>
                      <div
                        class="MuiInputBase-root MuiInputBase-colorPrimary MuiInputBase-formControl emotion-26"
                      >
                        <input
                          aria-describedby="userProfile.secondEmail-hint"
                          aria-invalid="false"
                          aria-labelledby="userProfile.secondEmail-label"
                          class="MuiInputBase-input emotion-27"
                          data-se="userProfile.secondEmail"
                          id="userProfile.secondEmail"
                          name="userProfile.secondEmail"
                          type="text"
                        />
                      </div>
                    </div>
                  </div>
                  <div
                    class="MuiBox-root emotion-10"
                  >
                    <div
                      class="MuiFormControl-root MuiFormControl-marginNormal MuiFormControl-fullWidth emotion-23"
                    >
                      <label
                        class="MuiFormLabel-root MuiInputLabel-root MuiInputLabel-formControl MuiInputLabel-sizeMedium MuiInputLabel-outlined MuiFormLabel-colorPrimary MuiInputLabel-root MuiInputLabel-formControl MuiInputLabel-sizeMedium MuiInputLabel-outlined emotion-24"
                        data-shrink="false"
                        for="userProfile.newAttribute2"
                        id="userProfile.newAttribute2-label"
                      >
                        <span>
                          Some custom attribute 2
                        </span>
                        <p
                          class="MuiTypography-root MuiTypography-subtitle1 emotion-25"
                          tabindex="-1"
                        >
                          Optional
                        </p>
                      </label>
                      <div
                        class="MuiInputBase-root MuiInputBase-colorPrimary MuiInputBase-formControl emotion-26"
                      >
                        <input
                          aria-invalid="false"
                          aria-labelledby="userProfile.newAttribute2-label"
                          class="MuiInputBase-input emotion-27"
                          data-se="userProfile.newAttribute2"
                          id="userProfile.newAttribute2"
                          name="userProfile.newAttribute2"
                          type="text"
                        />
                      </div>
                    </div>
                  </div>
                  <div
                    class="MuiBox-root emotion-10"
                  >
                    <button
                      class="MuiButtonBase-root MuiButton-root MuiButton-primary MuiButton-primaryPrimary MuiButton-sizeMedium MuiButton-primarySizeMedium MuiButton-disableElevation MuiButton-fullWidth MuiButton-root MuiButton-primary MuiButton-primaryPrimary MuiButton-sizeMedium MuiButton-primarySizeMedium MuiButton-disableElevation MuiButton-fullWidth emotion-42"
                      data-se="save"
                      tabindex="0"
                      type="submit"
                    >
                      Finish
                    </button>
                  </div>
                  <div
                    class="MuiBox-root emotion-10"
                  >
                    <button
                      class="MuiTypography-root MuiTypography-inherit MuiLink-root MuiLink-underlineAlways MuiLink-button emotion-44"
                      data-se="skip"
                      role="link"
                      type="button"
                    >
                      Skip Profile
                    </button>
                  </div>
                  <div
                    class="MuiBox-root emotion-10"
                  >
                    <button
                      class="MuiTypography-root MuiTypography-inherit MuiLink-root MuiLink-underlineAlways MuiLink-button emotion-44"
                      data-se="cancel"
                      role="link"
                      type="button"
                    >
                      Back to sign in
                    </button>
                  </div>
                </div>
              </form>
            </div>
          </div>
        </div>
      </div>
    </main>
  </div>
</div>
`;
