// Jest Snapshot v1, https://goo.gl/fbAQLP

exports[`identify-with-password renders form 1`] = `
<div>
  <main
    class="ods-25UsME ods-2bre13 ods-3ss0Qq ods-3TwtWX ods-4TNAee ods-7kySDp ods-155Dqk ods-58oYDe ods-1LxNEe auth-container main-container mainViewContainer"
  >
    <div
      class="ods-25UsME ods-5FzqwZ ods-3rpMjU ods-5phuZa ods-2Tkrnl ods-6DSSwZ ods-1JDDx8 ods-3DJwCa ods-4TNAee ods-7kySDp ods-155Dqk ods-58oYDe ods-1LxNEe siwContainer"
    >
      <div
        class="okta-sign-in-header auth-header siwHeader"
      >
        <h1
          class="ods-25UsME ods-155Dqk ods-3ak841"
        >
          <img
            alt="Logo"
            class="auth-org-logo siwOrgLogo"
            src="/img/atko_brand_logo.svg"
          />
        </h1>
      </div>
      <div
        class="ods-25UsME ods-2bre13 ods-5FzqwZ ods-3hyVmm ods-69Ni9p ods-5phuZa ods-2Tkrnl ods-6q66ih ods-4TNAee ods-7kySDp ods-155Dqk ods-58oYDe ods-1LxNEe"
      >
        <form
          novalidate=""
        >
          <div
            class="vertical-layout"
          >
            <div
              class="vertical-layout-item"
            >
              <div
                class="ods-25UsME ods-5Ip9Cc ods-4TNAee ods-7kySDp ods-155Dqk ods-58oYDe ods-1LxNEe"
              >
                <div
                  class="ods-25UsME ods-2bre13 ods-5FzqwZ ods-4TNAee ods-7kySDp ods-155Dqk ods-58oYDe ods-1LxNEe ods-4zKnH2"
                >
                  <label
                    class="ods-25UsME ods-2bre13 ods-4tyjL3 ods-4fFeHD ods-4TNAee ods-7kySDp ods-155Dqk ods-58oYDe ods-1LxNEe ods-g8inGu"
                    for="generated"
                  >
                    <span
                      class="ods-25UsME ods-21ITbf ods-2rdluJ ods-3j6hVs ods-ijL2fj ods-YSqZm9 ods-5vI4ZI ods-2q394D ods-T51Sls"
                    >
                      Username
                    </span>
                  </label>
                  <input
                    aria-describedby="generated"
                    class="ods-5NZW2e"
                    data-testid="#/properties/identifier"
                    id="generated"
                    name="identifier"
                    type="text"
                  />
                </div>
              </div>
            </div>
            <div
              class="vertical-layout-item"
            >
              <div
                class="ods-25UsME ods-5Ip9Cc ods-4TNAee ods-7kySDp ods-155Dqk ods-58oYDe ods-1LxNEe"
              >
                <div
                  class="ods-25UsME ods-2bre13 ods-5FzqwZ ods-4TNAee ods-7kySDp ods-155Dqk ods-58oYDe ods-1LxNEe ods-4zKnH2"
                >
                  <label
                    class="ods-25UsME ods-2bre13 ods-4tyjL3 ods-4fFeHD ods-4TNAee ods-7kySDp ods-155Dqk ods-58oYDe ods-1LxNEe ods-g8inGu"
                    for="generated"
                  >
                    <span
                      class="ods-25UsME ods-21ITbf ods-2rdluJ ods-3j6hVs ods-ijL2fj ods-YSqZm9 ods-5vI4ZI ods-2q394D ods-T51Sls"
                    >
                      Password
                    </span>
                  </label>
                  <input
                    aria-describedby="generated"
                    class="ods-5NZW2e"
                    data-testid="#/properties/credentials.passcode"
                    id="generated"
                    name="credentials.passcode"
                    type="password"
                  />
                </div>
                <button
                  class="ods-25UsME ods-155Dqk ods-EdLvMR ods-22KTj5"
                  type="button"
                >
                  <span
                    class="ods-2V59HN"
                  >
                    renderers.password.showPassword
                  </span>
                </button>
              </div>
            </div>
            <div
              class="vertical-layout-item"
            >
              <div
                class="ods-25UsME ods-5Ip9Cc ods-4TNAee ods-7kySDp ods-155Dqk ods-58oYDe ods-1LxNEe"
              >
                <div
                  class="ods-25UsME ods-2L0e0z ods-4TNAee ods-7kySDp ods-155Dqk ods-58oYDe ods-1LxNEe"
                >
                  <input
                    aria-describedby="generated"
                    class="ods-4fV8d7"
                    id="generated"
                    type="checkbox"
                  />
                  <label
                    class="ods-1gChEk"
                    for="generated"
                  >
                    <span
                      class="ods-IDodlr"
                      role="presentation"
                    >
                      <span
                        class="ods-6H0I0R"
                      >
                        <svg
                          aria-labelledby="generated"
                          class="ods-2icygl"
                          fill="none"
                          role="presentation"
                          viewBox="0 0 14 14"
                          xmlns="http://www.w3.org/2000/svg"
                        >
                          <path
                            d="M0 6.53333L1.86667 4.66667L5.6 8.51667L12.1333 1.86667L14 3.61667L5.6 12.25L0 6.53333Z"
                            fill="currentColor"
                          />
                        </svg>
                      </span>
                    </span>
                    Keep me signed in
                  </label>
                </div>
              </div>
            </div>
            <div
              class="vertical-layout-item"
            >
              <div
                class="ods-25UsME ods-30mmIB ods-4TNAee ods-7kySDp ods-155Dqk ods-58oYDe ods-1LxNEe"
              >
                <button
                  class="ods-25UsME ods-155Dqk ods-EdLvMR ods-2VYSC6"
                  data-testid="identify.submit"
                  type="submit"
                >
                  <span
                    class="ods-2V59HN"
                  >
                    Submit
                  </span>
                </button>
              </div>
            </div>
            <div
              class="vertical-layout-item"
            >
              <div
                class="ods-25UsME ods-30mmIB ods-4TNAee ods-7kySDp ods-155Dqk ods-58oYDe ods-1LxNEe"
              >
                <button
                  class="ods-25UsME ods-155Dqk ods-EdLvMR ods-2VYSC6"
                  data-testid="select-enroll-profile.cta"
                  type="button"
                >
                  <span
                    class="ods-2V59HN"
                  >
                    select-enroll-profile
                  </span>
                </button>
              </div>
            </div>
            <div
              class="vertical-layout-item"
            >
              <div
                class="ods-25UsME ods-30mmIB ods-4TNAee ods-7kySDp ods-155Dqk ods-58oYDe ods-1LxNEe"
              >
                <button
                  class="ods-25UsME ods-155Dqk ods-EdLvMR ods-2VYSC6"
                  data-testid="currentAuthenticator-recover.cta"
                  type="button"
                >
                  <span
                    class="ods-2V59HN"
                  >
                    currentAuthenticator-recover
                  </span>
                </button>
              </div>
            </div>
            <div
              class="vertical-layout-item"
            >
              <div
                class="ods-25UsME ods-30mmIB ods-4TNAee ods-7kySDp ods-155Dqk ods-58oYDe ods-1LxNEe"
              >
                <button
                  class="ods-25UsME ods-155Dqk ods-EdLvMR ods-2VYSC6"
                  data-testid="cancel.cta"
                  type="button"
                >
                  <span
                    class="ods-2V59HN"
                  >
                    cancel
                  </span>
                </button>
              </div>
            </div>
          </div>
        </form>
      </div>
    </div>
  </main>
</div>
`;
