// Jest Snapshot v1, https://goo.gl/fbAQLP

exports[`terminal-return-otp-only-full-location-unlock renders form 1`] = `
<div>
  <div
    class="MuiScopedCssBaseline-root emotion-0"
  >
    <main
      class="MuiBox-root emotion-1"
      data-commit="b9bbc0140703c3fbf0e2e58920362e70"
      data-se="auth-container main-container"
      data-version="0.0.0"
      dir="ltr"
      id="okta-sign-in"
      lang="en"
    >
      <div
        class="MuiScopedCssBaseline-root emotion-2"
      >
        <div
          class="MuiBox-root emotion-3"
        >
          <div
            class="MuiBox-root emotion-4"
          >
            <div
              class="MuiBox-root emotion-5"
              data-se="okta-sign-in-header auth-header authCoinSpacing"
            >
              <h1
                class="MuiTypography-root MuiTypography-h1 emotion-6"
                role="presentation"
                tabindex="-1"
              />
              <div
                aria-hidden="true"
                class="MuiBox-root emotion-7"
                data-se="factor-beacon mfa-okta-email "
              >
                <svg
                  aria-labelledby="mfa-okta-email"
                  fill="none"
                  height="2.85714286rem"
                  role="img"
                  viewBox="0 0 48 48"
                  width="2.85714286rem"
                  xmlns="http://www.w3.org/2000/svg"
                >
                  <title
                    id="mfa-okta-email"
                  >
                    Email Authentication
                  </title>
                  <path
                    class="siwFillSecondary"
                    d="M32 18v1h5.3L32 24.29v1.42l6-6.01v12.8a1.5 1.5 0 0 1-1.5 1.5h-17a1.5 1.5 0 0 1-1.5-1.5V31h-1v1.5a2.5 2.5 0 0 0 2.5 2.5h17a2.5 2.5 0 0 0 2.5-2.5V18h-7Z"
                    fill="#A7B5EC"
                  />
                  <path
                    class="siwFillPrimaryDark"
                    d="M9 13v14.5a2.5 2.5 0 0 0 2.5 2.5h17a2.5 2.5 0 0 0 2.5-2.5V13H9Zm20.293 1-8.81 8.81L10.794 14h18.499ZM28.5 29h-17a1.5 1.5 0 0 1-1.5-1.5V14.63l10.517 9.56L30 14.707V27.5a1.5 1.5 0 0 1-1.5 1.5Z"
                    fill="#00297A"
                  />
                </svg>
              </div>
            </div>
            <div
              class="MuiBox-root emotion-8"
            >
              <form
                aria-live="polite"
                class="o-form MuiBox-root emotion-9"
                data-se="o-form"
                novalidate=""
              >
                <div
                  class="MuiBox-root emotion-10"
                >
                  <div
                    class="MuiBox-root emotion-11"
                  >
                    <div
                      class="MuiBox-root emotion-12"
                      data-se="identifier-container"
                      title="test@okta.com"
                    >
                      <div
                        class="MuiChip-root MuiChip-filled MuiChip-sizeMedium MuiChip-colorDefault MuiChip-filledDefault emotion-13"
                        data-se="identifier"
                        translate="no"
                      >
                        <div
                          class="MuiChip-icon MuiChip-iconMedium MuiChip-iconColorDefault MuiBox-root emotion-14"
                        >
                          <svg
                            aria-label="User"
                            class="MuiSvgIcon-root MuiSvgIcon-fontSizeInherit emotion-15"
                            fill="none"
                            focusable="false"
                            role="img"
                            viewBox="0 0 24 24"
                            xmlns="http://www.w3.org/2000/svg"
                          >
                            <path
                              clip-rule="evenodd"
                              d="M15.5 6.5a3.5 3.5 0 1 1-7 0 3.5 3.5 0 0 1 7 0Zm2 0a5.5 5.5 0 1 1-11 0 5.5 5.5 0 0 1 11 0ZM5 23c0-2.357.694-4.363 1.886-5.762C8.064 15.856 9.782 15 12 15c2.215 0 3.934.862 5.113 2.25C18.307 18.652 19 20.66 19 23h2c0-2.722-.807-5.216-2.363-7.046C17.067 14.107 14.785 13 12 13c-2.782 0-5.064 1.097-6.636 2.941C3.806 17.77 3 20.263 3 23h2Z"
                              fill="currentColor"
                              fill-rule="evenodd"
                            />
                            <title>
                              User
                            </title>
                          </svg>
                        </div>
                        <span
                          class="MuiChip-label MuiChip-labelMedium emotion-16"
                        >
                          test@okta.com
                        </span>
                      </div>
                    </div>
                  </div>
                  <div
                    class="MuiBox-root emotion-11"
                  >
                    <div
                      class="MuiBox-root emotion-18"
                    >
                      <h1
                        class="MuiTypography-root MuiTypography-h4 emotion-19"
                        data-se="o-form-head"
                        tabindex="-1"
                      >
                        Your verification code
                      </h1>
                    </div>
                  </div>
                  <div
                    class="MuiBox-root emotion-11"
                  >
                    <div
                      class="MuiBox-root emotion-18"
                    >
                      <p
                        class="MuiTypography-root MuiTypography-body1 emotion-22"
                        data-se="enter-code-instr"
                        tabindex="-1"
                      >
                        Enter this code on the account unlock page.
                      </p>
                    </div>
                  </div>
                  <div
                    class="MuiBox-root emotion-11"
                  >
                    <div
                      class="MuiBox-root emotion-24"
                    >
                      <h2
                        class="MuiTypography-root MuiTypography-h3 emotion-25"
                        data-se="otp-value"
                        tabindex="-1"
                        translate="no"
                      >
                        123456
                      </h2>
                    </div>
                  </div>
                  <div
                    class="MuiBox-root emotion-1"
                  >
                    <div
                      class="MuiBox-root emotion-18"
                    >
                      <p
                        class="MuiTypography-root MuiTypography-body1 emotion-22"
                        data-se="otp-only-request-info"
                        tabindex="-1"
                      >
                        Request from:
                      </p>
                    </div>
                  </div>
                  <div
                    class="MuiBox-root emotion-11"
                  >
                    <div
                      class="MuiBox-root emotion-30"
                      id="browser"
                    >
                      <div
                        class="MuiBox-root emotion-31"
                        data-se="icon-browser"
                      >
                        <svg
                          aria-hidden="true"
                          class="MuiSvgIcon-root MuiSvgIcon-fontSizeInherit emotion-15"
                          fill="none"
                          focusable="false"
                          role="img"
                          viewBox="0 0 24 24"
                          xmlns="http://www.w3.org/2000/svg"
                        >
                          <path
                            clip-rule="evenodd"
                            d="M5 2a3 3 0 0 0-3 3v7a3 3 0 0 0 3 3h4v2H6v2h7v1.5a1.5 1.5 0 0 0 1.5 1.5h6a1.5 1.5 0 0 0 1.5-1.5v-10A1.5 1.5 0 0 0 20.5 9H18V5a3 3 0 0 0-3-3H5Zm11 7V5a1 1 0 0 0-1-1H5a1 1 0 0 0-1 1v7a1 1 0 0 0 1 1h8v-2.5A1.5 1.5 0 0 1 14.5 9H16Zm-3 6h-2v2h2v-2Zm2 5v-9h5v9h-5Z"
                            fill="currentColor"
                            fill-rule="evenodd"
                          />
                          <title>
                            Browser
                          </title>
                        </svg>
                      </div>
                      <div
                        class="MuiBox-root emotion-1"
                      >
                        <span
                          class="MuiTypography-root MuiTypography-body1 emotion-22"
                          data-se="text-browser"
                          tabindex="-1"
                        >
                          FIREFOX on iOS
                        </span>
                      </div>
                    </div>
                  </div>
                  <div
                    class="MuiBox-root emotion-11"
                  >
                    <div
                      class="MuiBox-root emotion-30"
                      id="app"
                    >
                      <div
                        class="MuiBox-root emotion-31"
                        data-se="icon-app"
                      >
                        <svg
                          aria-hidden="true"
                          class="MuiSvgIcon-root MuiSvgIcon-fontSizeInherit emotion-15"
                          fill="none"
                          focusable="false"
                          role="img"
                          viewBox="0 0 24 24"
                          xmlns="http://www.w3.org/2000/svg"
                        >
                          <path
                            clip-rule="evenodd"
                            d="M6.5 2a4.5 4.5 0 1 0 0 9 4.5 4.5 0 0 0 0-9ZM4 6.5a2.5 2.5 0 1 1 5 0 2.5 2.5 0 0 1-5 0ZM6.5 13a4.5 4.5 0 1 0 0 9 4.5 4.5 0 0 0 0-9ZM4 17.5a2.5 2.5 0 1 1 5 0 2.5 2.5 0 0 1-5 0Zm9-11a4.5 4.5 0 1 1 9 0 4.5 4.5 0 0 1-9 0ZM17.5 4a2.5 2.5 0 1 0 0 5 2.5 2.5 0 0 0 0-5Zm0 9a4.5 4.5 0 1 0 0 9 4.5 4.5 0 0 0 0-9ZM15 17.5a2.5 2.5 0 1 1 5 0 2.5 2.5 0 0 1-5 0Z"
                            fill="currentColor"
                            fill-rule="evenodd"
                          />
                          <title>
                            Application
                          </title>
                        </svg>
                      </div>
                      <div
                        class="MuiBox-root emotion-1"
                      >
                        <span
                          class="MuiTypography-root MuiTypography-body1 emotion-22"
                          data-se="text-app"
                          tabindex="-1"
                        >
                          my 3rd magic link spa
                        </span>
                      </div>
                    </div>
                  </div>
                  <div
                    class="MuiBox-root emotion-11"
                  >
                    <div
                      class="MuiBox-root emotion-30"
                      id="location"
                    >
                      <div
                        class="MuiBox-root emotion-31"
                        data-se="icon-location"
                      >
                        <svg
                          aria-hidden="true"
                          class="MuiSvgIcon-root MuiSvgIcon-fontSizeInherit emotion-15"
                          fill="none"
                          focusable="false"
                          role="img"
                          viewBox="0 0 24 24"
                          xmlns="http://www.w3.org/2000/svg"
                        >
                          <path
                            clip-rule="evenodd"
                            d="M11.17 3.473c.36-.381.64-.473.83-.473.189 0 .47.091.83.473.363.384.736.992 1.07 1.827.581 1.454.986 3.443 1.08 5.7H9.02c.094-2.257.499-4.246 1.08-5.7.334-.835.707-1.443 1.07-1.827ZM7.019 11c.094-2.467.534-4.718 1.224-6.442.128-.32.267-.627.416-.918A9.009 9.009 0 0 0 3.055 11h3.964Zm-3.964 2a9.009 9.009 0 0 0 5.604 7.36c-.15-.29-.288-.598-.416-.918-.69-1.724-1.13-3.975-1.224-6.442H3.055Zm5.966 0h5.958c-.093 2.257-.498 4.246-1.079 5.7-.334.835-.707 1.444-1.07 1.827-.36.381-.641.473-.83.473-.189 0-.47-.091-.83-.473-.363-.384-.736-.992-1.07-1.827-.581-1.454-.986-3.443-1.08-5.7Zm7.96 0c-.094 2.467-.534 4.718-1.224 6.442-.128.32-.267.627-.416.918A9.009 9.009 0 0 0 20.945 13h-3.964Zm3.964-2a9.009 9.009 0 0 0-5.604-7.36c.15.29.288.598.416.918.69 1.724 1.13 3.975 1.224 6.442h3.964ZM23 12c0 6.075-4.925 11-11 11S1 18.075 1 12 5.925 1 12 1s11 4.925 11 11Z"
                            fill="currentColor"
                            fill-rule="evenodd"
                          />
                          <title>
                            Location
                          </title>
                        </svg>
                      </div>
                      <div
                        class="MuiBox-root emotion-1"
                      >
                        <span
                          class="MuiTypography-root MuiTypography-body1 emotion-22"
                          data-se="text-location"
                          tabindex="-1"
                        >
                          Toronto, Ontario, Canada
                        </span>
                      </div>
                    </div>
                  </div>
                  <div
                    class="MuiBox-root emotion-11"
                  >
                    <div
                      class="MuiBox-root emotion-18"
                    >
                      <p
                        class="MuiTypography-root MuiTypography-body1 emotion-22"
                        data-se="otp-warning"
                        tabindex="-1"
                      >
                        If you didn’t request this code, you can ignore this message. Your account is safe and can only be accessed with this code.
                      </p>
                    </div>
                  </div>
                </div>
              </form>
            </div>
          </div>
        </div>
      </div>
    </main>
  </div>
</div>
`;
