// Jest Snapshot v1, https://goo.gl/fbAQLP

exports[`triggerEmailVerifyCallback with otp flow should create proxy server response and render terminal state when interactionHandle is absent 1`] = `
<div>
  <div
    class="emotion-0"
  >
    <div
      class="MuiScopedCssBaseline-root emotion-1"
    >
      <main
        class="MuiBox-root emotion-2"
        data-commit="b9bbc0140703c3fbf0e2e58920362e70"
        data-se="auth-container main-container"
        data-version="0.0.0"
        dir="ltr"
        id="okta-sign-in"
        lang="en"
      >
        <div
          class="MuiScopedCssBaseline-root emotion-3"
        >
          <div
            class="MuiBox-root emotion-4"
          >
            <div
              class="MuiBox-root emotion-5"
            >
              <div
                class="MuiBox-root emotion-6"
                data-se="okta-sign-in-header auth-header authCoinSpacing"
              >
                <h1
                  class="MuiTypography-root MuiTypography-h1 emotion-7"
                  tabindex="-1"
                />
                <div
                  aria-hidden="true"
                  class="MuiBox-root emotion-8"
                  data-se="factor-beacon mfa-okta-email "
                >
                  <svg
                    aria-labelledby="mfa-okta-email"
                    fill="none"
                    height="2.85714286rem"
                    role="img"
                    viewBox="0 0 48 48"
                    width="2.85714286rem"
                    xmlns="http://www.w3.org/2000/svg"
                  >
                    <title
                      id="mfa-okta-email"
                    >
                      Email Authentication
                    </title>
                    <path
                      class="siwFillSecondary"
                      d="M32 18v1h5.3L32 24.29v1.42l6-6.01v12.8a1.5 1.5 0 0 1-1.5 1.5h-17a1.5 1.5 0 0 1-1.5-1.5V31h-1v1.5a2.5 2.5 0 0 0 2.5 2.5h17a2.5 2.5 0 0 0 2.5-2.5V18h-7Z"
                      fill="#A7B5EC"
                    />
                    <path
                      class="siwFillPrimaryDark"
                      d="M9 13v14.5a2.5 2.5 0 0 0 2.5 2.5h17a2.5 2.5 0 0 0 2.5-2.5V13H9Zm20.293 1-8.81 8.81L10.794 14h18.499ZM28.5 29h-17a1.5 1.5 0 0 1-1.5-1.5V14.63l10.517 9.56L30 14.707V27.5a1.5 1.5 0 0 1-1.5 1.5Z"
                      fill="#00297A"
                    />
                  </svg>
                </div>
              </div>
              <div
                class="MuiBox-root emotion-9"
              >
                <form
                  aria-live="polite"
                  class="o-form MuiBox-root emotion-10"
                  data-se="o-form"
                  novalidate=""
                >
                  <div
                    class="MuiBox-root emotion-11"
                  >
                    <div
                      class="MuiBox-root emotion-12"
                    >
                      <div
                        class="MuiBox-root emotion-13"
                      >
                        <h2
                          class="MuiTypography-root MuiTypography-h4 emotion-14"
                          data-se="o-form-head"
                          tabindex="-1"
                        >
                          Your verification code
                        </h2>
                      </div>
                    </div>
                    <div
                      class="MuiBox-root emotion-12"
                    >
                      <div
                        class="MuiBox-root emotion-13"
                      >
                        <p
                          class="MuiTypography-root MuiTypography-body1 emotion-17"
                          data-se="enter-code-instr"
                          tabindex="-1"
                        >
                          Enter the OTP in your original authentication location.
                        </p>
                      </div>
                    </div>
                    <div
                      class="MuiBox-root emotion-12"
                    >
                      <div
                        class="MuiBox-root emotion-19"
                      >
                        <h3
                          class="MuiTypography-root MuiTypography-h3 emotion-20"
                          data-se="otp-value"
                          tabindex="-1"
                          translate="no"
                        />
                      </div>
                    </div>
                    <div
                      class="MuiBox-root emotion-12"
                    >
                      <div
                        class="MuiBox-root emotion-13"
                      >
                        <p
                          class="MuiTypography-root MuiTypography-body1 emotion-17"
                          data-se="otp-warning"
                          tabindex="-1"
                        >
                          If you didn’t request this code, you can ignore this message. Your account is safe and can only be accessed with this code.
                        </p>
                      </div>
                    </div>
                  </div>
                </form>
              </div>
            </div>
          </div>
        </div>
      </main>
    </div>
  </div>
</div>
`;
