// Jest Snapshot v1, https://goo.gl/fbAQLP

exports[`user-unlock-account renders form 1`] = `
<div>
  <span>
    <main
      class="auth-container main-container mainViewContainer MuiBox-root emotion-0"
      id="okta-sign-in"
    >
      <div
        class="siwContainer MuiBox-root emotion-1"
      >
        <div
          class="okta-sign-in-header auth-header siwHeader"
        >
          <h1
            class="MuiTypography-root MuiTypography-h1 emotion-2"
          />
        </div>
        <div
          class="MuiBox-root emotion-3"
        >
          <form
            class="o-form"
            data-se="form"
            novalidate=""
          >
            <div
              class="MuiBox-root emotion-4"
            >
              <div
                class="MuiBox-root emotion-5"
              >
                <div
                  class="MuiBox-root emotion-6"
                >
                  <h2
                    class="MuiTypography-root MuiTypography-h3 emotion-7"
                  >
                    Unlock account?
                  </h2>
                </div>
              </div>
              <div
                class="MuiBox-root emotion-5"
              >
                <div
                  class="MuiBox-root emotion-9"
                >
                  <label
                    class="MuiInputLabel-root MuiInputLabel-animated MuiFormLabel-root MuiFormLabel-colorPrimary emotion-10"
                    for="identifier"
                  >
                    Username
                  </label>
                  <div
                    class="MuiOutlinedInput-root MuiInputBase-root MuiInputBase-colorPrimary MuiInputBase-fullWidth emotion-11"
                  >
                    <input
                      aria-invalid="false"
                      autocomplete="username"
                      class="MuiOutlinedInput-input MuiInputBase-input emotion-12"
                      data-se="identifier"
                      id="identifier"
                      name="identifier"
                      type="text"
                    />
                    <fieldset
                      aria-hidden="true"
                      class="MuiOutlinedInput-notchedOutline emotion-13"
                    >
                      <legend
                        class="emotion-14"
                      >
                        <span
                          class="notranslate"
                        >
                          ​
                        </span>
                      </legend>
                    </fieldset>
                  </div>
                </div>
              </div>
              <div
                class="MuiBox-root emotion-5"
              >
                <div
                  class="authButton MuiBox-root emotion-16"
                  role="button"
                  tabindex="0"
                >
                  <div
                    class="iconContainer MuiBox-root emotion-9"
                  >
                    <mocksvgicon />
                  </div>
                  <div
                    class="infoSection MuiBox-root emotion-9"
                  >
                    <div
                      class="title MuiBox-root emotion-9"
                    >
                      Email
                    </div>
                    <div
                      class="actionName MuiBox-root emotion-9"
                      data-se="okta_email-email"
                    >
                      Select
                      <mocksvgicon />
                    </div>
                  </div>
                </div>
              </div>
              <div
                class="MuiBox-root emotion-5"
              >
                <div
                  class="authButton MuiBox-root emotion-16"
                  role="button"
                  tabindex="0"
                >
                  <div
                    class="iconContainer MuiBox-root emotion-9"
                  >
                    <mocksvgicon />
                  </div>
                  <div
                    class="infoSection MuiBox-root emotion-9"
                  >
                    <div
                      class="title MuiBox-root emotion-9"
                    >
                      Phone
                    </div>
                    <div
                      class="actionName MuiBox-root emotion-9"
                      data-se="phone_number"
                    >
                      Select
                      <mocksvgicon />
                    </div>
                  </div>
                </div>
              </div>
              <div
                class="MuiBox-root emotion-5"
              >
                <button
                  class="MuiButton-root MuiButton-floating MuiButton-floatingPrimary MuiButton-sizeMedium MuiButton-floatingSizeMedium MuiButton-disableElevation MuiButtonBase-root  emotion-28"
                  data-se="cancel"
                  tabindex="0"
                  type="button"
                >
                  Back to sign in
                </button>
              </div>
            </div>
          </form>
        </div>
      </div>
    </main>
  </span>
</div>
`;
