// Jest Snapshot v1, https://goo.gl/fbAQLP

exports[`user-unlock-account renders form 1`] = `
<div>
  <span>
    <main
      class="ods-4o5zYQ ods-76eppy ods-66Tc65 ods-6lar65 ods-2oc5SK ods-4XAbls ods-2NLKpK ods-1ll9ky ods-4IdjLs auth-container main-container mainViewContainer"
    >
      <div
        class="ods-4o5zYQ ods-2Se4oq ods-2VFzyK ods-1qUaxm ods-1oujX1 ods-78Q1Pv ods-3x5mmc ods-7mcS6o ods-7lpPkQ ods-2oc5SK ods-4XAbls ods-2NLKpK ods-1ll9ky ods-4IdjLs siwContainer"
      >
        <div
          class="okta-sign-in-header auth-header siwHeader"
        >
          <h1
            class="ods-4o5zYQ ods-2NLKpK ods-5ZKJUt"
          />
        </div>
        <div
          class="ods-4o5zYQ ods-76eppy ods-2Se4oq ods-7kea9D ods-2famef ods-1qUaxm ods-1oujX1 ods-2i2wfv ods-2oc5SK ods-4XAbls ods-2NLKpK ods-1ll9ky ods-4IdjLs"
        >
          <form
            novalidate=""
          >
            <div
              class="ods-4o5zYQ ods-76eppy ods-2Se4oq ods-2oc5SK ods-4XAbls ods-2NLKpK ods-1ll9ky ods-4IdjLs"
            >
              <div
                class="ods-4o5zYQ ods-1OsrNt ods-2oc5SK ods-4XAbls ods-2NLKpK ods-1ll9ky ods-4IdjLs"
              >
                <div
                  class="ods-4o5zYQ ods-76eppy ods-2famef ods-2oc5SK ods-4XAbls ods-2NLKpK ods-1ll9ky ods-4IdjLs"
                >
                  <h2
                    class="ods-4o5zYQ ods-2NLKpK ods-5ZKJUt ods-4vLZvh"
                  >
                    Unlock account?
                  </h2>
                </div>
              </div>
              <div
                class="ods-4o5zYQ ods-1OsrNt ods-2oc5SK ods-4XAbls ods-2NLKpK ods-1ll9ky ods-4IdjLs"
              >
                <div
                  class="ods-4o5zYQ ods-76eppy ods-2Se4oq ods-2oc5SK ods-4XAbls ods-2NLKpK ods-1ll9ky ods-4IdjLs ods-4zKnH2"
                >
                  <label
                    class="ods-4o5zYQ ods-76eppy ods-5VQ9Rl ods-7KS5Kt ods-2oc5SK ods-4XAbls ods-2NLKpK ods-1ll9ky ods-4IdjLs ods-g8inGu"
                    for="identifier"
                  >
                    <span
                      class="ods-4o5zYQ ods-nqMobL ods-5fvoER ods-6rDd3P ods-7KlglL ods-6MIfC2 ods-14pjkk ods-5IIKpe ods-6iOjmZ"
                    >
                      Username
                    </span>
                  </label>
                  <div
                    class="ods-10aW0m"
                  >
                    <input
                      autocomplete="username"
                      class="ods-7qBw9I"
                      data-se="identifier"
                      id="identifier"
                      name="identifier"
                      type="text"
                    />
                  </div>
                  
                </div>
              </div>
              <div
                class="ods-4o5zYQ ods-1OsrNt ods-2oc5SK ods-4XAbls ods-2NLKpK ods-1ll9ky ods-4IdjLs"
              >
                <div
                  class="ods-4o5zYQ ods-76eppy ods-3atQQu ods-78Q1Pv ods-3x5mmc ods-78Q1Pv ods-4cYB06 ods-7mcS6o ods-5GSaGx ods-2oc5SK ods-4XAbls ods-2NLKpK ods-1ll9ky ods-4IdjLs authButton"
                  role="button"
                  tabindex="0"
                >
                  <div
                    class="ods-4o5zYQ ods-2oc5SK ods-4XAbls ods-2NLKpK ods-1ll9ky ods-4IdjLs iconContainer"
                  >
                    <mocksvgicon />
                  </div>
                  <div
                    class="ods-4o5zYQ ods-2oc5SK ods-4XAbls ods-2NLKpK ods-1ll9ky ods-4IdjLs infoSection"
                  >
                    <div
                      class="ods-4o5zYQ ods-2oc5SK ods-4XAbls ods-2NLKpK ods-1ll9ky ods-4IdjLs title"
                    >
                      Email
                    </div>
                    <div
                      class="ods-4o5zYQ ods-2oc5SK ods-4XAbls ods-2NLKpK ods-1ll9ky ods-4IdjLs actionName"
                      data-se="okta_email-email"
                    >
                      Select
                      <mocksvgicon />
                    </div>
                  </div>
                </div>
              </div>
              <div
                class="ods-4o5zYQ ods-1OsrNt ods-2oc5SK ods-4XAbls ods-2NLKpK ods-1ll9ky ods-4IdjLs"
              >
                <div
                  class="ods-4o5zYQ ods-76eppy ods-3atQQu ods-78Q1Pv ods-3x5mmc ods-78Q1Pv ods-4cYB06 ods-7mcS6o ods-5GSaGx ods-2oc5SK ods-4XAbls ods-2NLKpK ods-1ll9ky ods-4IdjLs authButton"
                  role="button"
                  tabindex="0"
                >
                  <div
                    class="ods-4o5zYQ ods-2oc5SK ods-4XAbls ods-2NLKpK ods-1ll9ky ods-4IdjLs iconContainer"
                  >
                    <mocksvgicon />
                  </div>
                  <div
                    class="ods-4o5zYQ ods-2oc5SK ods-4XAbls ods-2NLKpK ods-1ll9ky ods-4IdjLs infoSection"
                  >
                    <div
                      class="ods-4o5zYQ ods-2oc5SK ods-4XAbls ods-2NLKpK ods-1ll9ky ods-4IdjLs title"
                    >
                      Phone
                    </div>
                    <div
                      class="ods-4o5zYQ ods-2oc5SK ods-4XAbls ods-2NLKpK ods-1ll9ky ods-4IdjLs actionName"
                      data-se="phone_number"
                    >
                      Select
                      <mocksvgicon />
                    </div>
                  </div>
                </div>
              </div>
              <div
                class="ods-4o5zYQ ods-1OsrNt ods-2oc5SK ods-4XAbls ods-2NLKpK ods-1ll9ky ods-4IdjLs"
              >
                <button
                  class="ods-4o5zYQ ods-2NLKpK ods-5E7TSu ods-3DL1tX"
                  data-se="cancel"
                  type="button"
                >
                  <span
                    class="ods-IkfPY2"
                  >
                    Back to sign in
                  </span>
                </button>
              </div>
            </div>
          </form>
        </div>
      </div>
    </main>
  </span>
</div>
`;
