// Jest Snapshot v1, https://goo.gl/fbAQLP

exports[`ReEnroll Custom password expiry warning Transformer Tests should add correct title, subtitle, and button with no brand name 1`] = `
Object {
  "data": Object {},
  "dataSchema": Object {
    "fieldsToExclude": [Function],
    "fieldsToTrim": Array [],
    "fieldsToValidate": Array [],
    "submit": Object {
      "step": "challenge-authenticator",
    },
  },
  "schema": Object {},
  "uischema": Object {
    "elements": Array [
      Object {
        "options": Object {
          "content": "password.expiring.soon",
        },
        "type": "Title",
      },
      Object {
        "contentType": "subtitle",
        "options": Object {
          "content": "password.expiring.soon.subtitle.generic",
        },
        "type": "Description",
      },
      Object {
        "label": "password.expired.custom.submit",
        "options": Object {
          "onClick": [Function],
          "step": "",
          "type": "button",
        },
        "type": "Button",
      },
    ],
    "type": "VerticalLayout",
  },
}
`;
